// Jest Snapshot v1, https://jestjs.io/docs/snapshot-testing

exports[`Header visual snapshot - custom brand colors: header-custom-brand-colors 1`] = `
"

                         ██╗   ██╗ ██╗  ██╗ ██╗      ██╗ ███╗   ██╗ ████████╗
                         ██║   ██║ ╚██╗██╔╝ ██║      ██║ ████╗  ██║ ╚══██╔══╝
                         ██║   ██║  ╚███╔╝  ██║      ██║ ██╔██╗ ██║    ██║
                         ██║   ██║  ██╔██╗  ██║      ██║ ██║╚██╗██║    ██║
                         ╚██████╔╝ ██╔╝ ██╗ ███████╗ ██║ ██║ ╚████║    ██║
                          ╚═════╝  ╚═╝  ╚═╝ ╚══════╝ ╚═╝ ╚═╝  ╚═══╝    ╚═╝



                         AI-powered UX review CLI tool for web applications

                       Get actionable UX feedback with persona-aware analysis
"
`;

exports[`Header visual snapshot - default theme: header-default-theme 1`] = `
"

                         ██╗   ██╗ ██╗  ██╗ ██╗      ██╗ ███╗   ██╗ ████████╗
                         ██║   ██║ ╚██╗██╔╝ ██║      ██║ ████╗  ██║ ╚══██╔══╝
                         ██║   ██║  ╚███╔╝  ██║      ██║ ██╔██╗ ██║    ██║
                         ██║   ██║  ██╔██╗  ██║      ██║ ██║╚██╗██║    ██║
                         ╚██████╔╝ ██╔╝ ██╗ ███████╗ ██║ ██║ ╚████║    ██║
                          ╚═════╝  ╚═╝  ╚═╝ ╚══════╝ ╚═╝ ╚═╝  ╚═══╝    ╚═╝



                         AI-powered UX review CLI tool for web applications

                       Get actionable UX feedback with persona-aware analysis
"
`;

exports[`Header visual snapshot - fallback theme: header-fallback-theme 1`] = `
"

                         ██╗   ██╗ ██╗  ██╗ ██╗      ██╗ ███╗   ██╗ ████████╗
                         ██║   ██║ ╚██╗██╔╝ ██║      ██║ ████╗  ██║ ╚══██╔══╝
                         ██║   ██║  ╚███╔╝  ██║      ██║ ██╔██╗ ██║    ██║
                         ██║   ██║  ██╔██╗  ██║      ██║ ██║╚██╗██║    ██║
                         ╚██████╔╝ ██╔╝ ██╗ ███████╗ ██║ ██║ ╚████║    ██║
                          ╚═════╝  ╚═╝  ╚═╝ ╚══════╝ ╚═╝ ╚═╝  ╚═══╝    ╚═╝



                         AI-powered UX review CLI tool for web applications

                       Get actionable UX feedback with persona-aware analysis
"
`;

exports[`Header visual snapshot - high contrast theme: header-high-contrast-theme 1`] = `
"

                         ██╗   ██╗ ██╗  ██╗ ██╗      ██╗ ███╗   ██╗ ████████╗
                         ██║   ██║ ╚██╗██╔╝ ██║      ██║ ████╗  ██║ ╚══██╔══╝
                         ██║   ██║  ╚███╔╝  ██║      ██║ ██╔██╗ ██║    ██║
                         ██║   ██║  ██╔██╗  ██║      ██║ ██║╚██╗██║    ██║
                         ╚██████╔╝ ██╔╝ ██╗ ███████╗ ██║ ██║ ╚████║    ██║
                          ╚═════╝  ╚═╝  ╚═╝ ╚══════╝ ╚═╝ ╚═╝  ╚═══╝    ╚═╝



                         AI-powered UX review CLI tool for web applications

                       Get actionable UX feedback with persona-aware analysis
"
`;

exports[`Header visual snapshot - monochrome theme: header-monochrome-theme 1`] = `
"

                         ██╗   ██╗ ██╗  ██╗ ██╗      ██╗ ███╗   ██╗ ████████╗
                         ██║   ██║ ╚██╗██╔╝ ██║      ██║ ████╗  ██║ ╚══██╔══╝
                         ██║   ██║  ╚███╔╝  ██║      ██║ ██╔██╗ ██║    ██║
                         ██║   ██║  ██╔██╗  ██║      ██║ ██║╚██╗██║    ██║
                         ╚██████╔╝ ██╔╝ ██╗ ███████╗ ██║ ██║ ╚████║    ██║
                          ╚═════╝  ╚═╝  ╚═╝ ╚══════╝ ╚═╝ ╚═╝  ╚═══╝    ╚═╝



                         AI-powered UX review CLI tool for web applications

                       Get actionable UX feedback with persona-aware analysis
"
`;
