// Jest Snapshot v1, https://jestjs.io/docs/snapshot-testing

exports[`PromptStep visual snapshot - last step: prompt-step-last 1`] = `
"Step 7 of 7

Review configuration *


Configuration ready"
`;

exports[`PromptStep visual snapshot - optional step: prompt-step-optional 1`] = `
"Step 3 of 7

Add sub-page URL (optional) (optional)


https://example.com/about"
`;

exports[`PromptStep visual snapshot - required step: prompt-step-required 1`] = `
"Step 1 of 7

Enter main page URL *


https://example.com"
`;
